../Core/Src/main.c:69:6:HAL_UART_TxHalfCpltCallback	16	static
../Core/Src/main.c:75:6:HAL_UART_TxCpltCallback	16	static
../Core/Src/main.c:81:6:HAL_TIM_PeriodElapsedCallback	16	static
../Core/Src/main.c:96:5:main	8	static
../Core/Src/main.c:153:6:SystemClock_Config	88	static
../Core/Src/main.c:199:13:MX_ADC1_Init	24	static
../Core/Src/main.c:257:13:MX_TIM3_Init	40	static
../Core/Src/main.c:302:13:MX_USART1_UART_Init	8	static
../Core/Src/main.c:348:13:MX_DMA_Init	16	static
../Core/Src/main.c:366:13:MX_GPIO_Init	16	static
../Core/Src/main.c:387:6:Error_Handler	8	static,ignoring_inline_asm
